#
# There is insufficient memory for the Java Runtime Environment to continue.
# Native memory allocation (mmap) failed to map 536870912 bytes for G1 virtual space
# Possible reasons:
#   The system is out of physical RAM or swap space
#   The process is running with CompressedOops enabled, and the Java Heap may be blocking the growth of the native heap
# Possible solutions:
#   Reduce memory load on the system
#   Increase physical memory or swap space
#   Check if swap backing store is full
#   Decrease Java heap size (-Xmx/-Xms)
#   Decrease number of Java threads
#   Decrease Java thread stack sizes (-Xss)
#   Set larger code cache with -XX:ReservedCodeCacheSize=
#   JVM is running with Zero Based Compressed Oops mode in which the Java heap is
#     placed in the first 32GB address space. The Java Heap base address is the
#     maximum limit for the native heap growth. Please use -XX:HeapBaseMinAddress
#     to set the Java Heap base and to place the Java Heap above 32GB virtual address.
# This output file may be truncated or incomplete.
#
#  Out of Memory Error (os_windows.cpp:3548), pid=10388, tid=14828
#
# JRE version:  (17.0.12+8) (build )
# Java VM: Java HotSpot(TM) 64-Bit Server VM (17.0.12+8-LTS-286, mixed mode, sharing, tiered, compressed oops, compressed class ptrs, g1 gc, windows-amd64)
# No core dump will be written. Minidumps are not enabled by default on client versions of Windows
#

---------------  S U M M A R Y ------------

Command Line: -Dfile.encoding=UTF-8 -Dstdout.encoding=UTF-8 -Dstderr.encoding=UTF-8 -XX:+ShowCodeDetailsInExceptionMessages main.Main

Host: Intel(R) Core(TM) i5-10210U CPU @ 1.60GHz, 8 cores, 31G,  Windows 11 , 64 bit Build 26100 (10.0.26100.8328)
Time: Thu May 28 17:50:56 2026  Windows 11 , 64 bit Build 26100 (10.0.26100.8328) elapsed time: 0.014084 seconds (0d 0h 0m 0s)

---------------  T H R E A D  ---------------

Current thread (0x000001ff88620910):  JavaThread "Unknown thread" [_thread_in_vm, id=14828, stack(0x0000005209200000,0x0000005209300000)]

Stack: [0x0000005209200000,0x0000005209300000]
Native frames: (J=compiled Java code, j=interpreted, Vv=VM code, C=native code)
V  [jvm.dll+0x67a04a]
V  [jvm.dll+0x7da4ed]
V  [jvm.dll+0x7dbe33]
V  [jvm.dll+0x7dc4a3]
V  [jvm.dll+0x24508f]
V  [jvm.dll+0x677089]
V  [jvm.dll+0x66bd32]
V  [jvm.dll+0x301fa6]
V  [jvm.dll+0x309546]
V  [jvm.dll+0x359d2e]
V  [jvm.dll+0x359f5f]
V  [jvm.dll+0x2d9078]
V  [jvm.dll+0x2d9fe4]
V  [jvm.dll+0x7aca21]
V  [jvm.dll+0x367591]
V  [jvm.dll+0x78b999]
V  [jvm.dll+0x3ec83f]
V  [jvm.dll+0x3ee471]
C  [jli.dll+0x5297]
C  [ucrtbase.dll+0x37b0]
C  [KERNEL32.DLL+0x2e957]
C  [ntdll.dll+0x427c]


---------------  P R O C E S S  ---------------

Threads class SMR info:
_java_thread_list=0x00007ffefe577a18, length=0, elements={
}

Java Threads: ( => current thread )

Other Threads:
  0x000001ff886c9130 GCTaskThread "GC Thread#0" [stack: 0x0000005209300000,0x0000005209400000] [id=20356]
  0x000001ff886d9f90 ConcurrentGCThread "G1 Main Marker" [stack: 0x0000005209400000,0x0000005209500000] [id=23096]
  0x000001ff886dbe10 ConcurrentGCThread "G1 Conc#0" [stack: 0x0000005209500000,0x0000005209600000] [id=23616]

[error occurred during error reporting (printing all threads), id 0xc0000005, EXCEPTION_ACCESS_VIOLATION (0xc0000005) at pc=0x00007ffefdda9b67]

VM state: not at safepoint (not fully initialized)

VM Mutex/Monitor currently owned by a thread:  ([mutex/lock_event])
[0x000001ff8861bd30] Heap_lock - owner thread: 0x000001ff88620910

Heap address: 0x0000000602c00000, size: 8148 MB, Compressed Oops mode: Zero based, Oop shift amount: 3

CDS archive(s) mapped at: [0x0000000000000000-0x0000000000000000-0x0000000000000000), size 0, SharedBaseAddress: 0x0000000800000000, ArchiveRelocationMode: 1.
Narrow klass base: 0x0000000000000000, Narrow klass shift: 0, Narrow klass range: 0x0

GC Precious Log:
<Empty>

Heap:
 garbage-first heap   total 0K, used 0K [0x0000000602c00000, 0x0000000800000000)
  region size 4096K, 0 young (0K), 0 survivors (0K)

[error occurred during error reporting (printing heap information), id 0xc0000005, EXCEPTION_ACCESS_VIOLATION (0xc0000005) at pc=0x00007ffefe193859]

GC Heap History (0 events):
No events

Deoptimization events (0 events):
No events

Classes unloaded (0 events):
No events

Classes redefined (0 events):
No events

Internal exceptions (0 events):
No events

VM Operations (0 events):
No events

Events (1 events):
Event: 0.009 Loaded shared library C:\Program Files\Java\jdk-17\bin\java.dll


Dynamic libraries:
0x00007ff621cd0000 - 0x00007ff621ce0000 	C:\Program Files\Java\jdk-17\bin\javaw.exe
0x00007fff83dc0000 - 0x00007fff84027000 	C:\Windows\SYSTEM32\ntdll.dll
0x00007fff82600000 - 0x00007fff826c9000 	C:\Windows\System32\KERNEL32.DLL
0x00007fff81530000 - 0x00007fff81927000 	C:\Windows\System32\KERNELBASE.dll
0x00007fff80970000 - 0x00007fff80abb000 	C:\Windows\System32\ucrtbase.dll
0x00007fff79830000 - 0x00007fff79849000 	C:\Program Files\Java\jdk-17\bin\jli.dll
0x00007fff79880000 - 0x00007fff7989b000 	C:\Program Files\Java\jdk-17\bin\VCRUNTIME140.dll
0x00007fff82f10000 - 0x00007fff82fc6000 	C:\Windows\System32\ADVAPI32.dll
0x00007fff824f0000 - 0x00007fff82599000 	C:\Windows\System32\msvcrt.dll
0x00007fff82e60000 - 0x00007fff82f07000 	C:\Windows\System32\sechost.dll
0x00007fff83620000 - 0x00007fff83738000 	C:\Windows\System32\RPCRT4.dll
0x00007fff82320000 - 0x00007fff824e6000 	C:\Windows\System32\USER32.dll
0x00007fff819e0000 - 0x00007fff81a07000 	C:\Windows\System32\win32u.dll
0x00007fff821d0000 - 0x00007fff821fb000 	C:\Windows\System32\GDI32.dll
0x00007fff81a10000 - 0x00007fff81b3c000 	C:\Windows\System32\gdi32full.dll
0x00007fff66750000 - 0x00007fff669e2000 	C:\Windows\WinSxS\amd64_microsoft.windows.common-controls_6595b64144ccf1df_6.0.26100.8457_none_3e0b2faee331e92d\COMCTL32.dll
0x00007fff81480000 - 0x00007fff81523000 	C:\Windows\System32\msvcp_win.dll
0x00007fff78b40000 - 0x00007fff78b4b000 	C:\Windows\SYSTEM32\VERSION.dll
0x00007fff83870000 - 0x00007fff838a2000 	C:\Windows\System32\IMM32.DLL
0x00007fff7b4a0000 - 0x00007fff7b4ac000 	C:\Program Files\Java\jdk-17\bin\vcruntime140_1.dll
0x00007fff69db0000 - 0x00007fff69e3e000 	C:\Program Files\Java\jdk-17\bin\msvcp140.dll
0x00007ffefdac0000 - 0x00007ffefe6a0000 	C:\Program Files\Java\jdk-17\bin\server\jvm.dll
0x00007fff82200000 - 0x00007fff82208000 	C:\Windows\System32\PSAPI.DLL
0x00007fff79870000 - 0x00007fff7987a000 	C:\Windows\SYSTEM32\WSOCK32.dll
0x00007fff6bef0000 - 0x00007fff6bf26000 	C:\Windows\SYSTEM32\WINMM.dll
0x00007fff81ef0000 - 0x00007fff81f70000 	C:\Windows\System32\WS2_32.dll
0x00007fff7f540000 - 0x00007fff7f55b000 	C:\Windows\SYSTEM32\kernel.appcore.dll
0x00007fff79820000 - 0x00007fff7982a000 	C:\Program Files\Java\jdk-17\bin\jimage.dll
0x00007fff7e680000 - 0x00007fff7e8c2000 	C:\Windows\SYSTEM32\DBGHELP.DLL
0x00007fff83930000 - 0x00007fff83cb3000 	C:\Windows\System32\combase.dll
0x00007fff820f0000 - 0x00007fff821c9000 	C:\Windows\System32\OLEAUT32.dll
0x00007fff636b0000 - 0x00007fff636eb000 	C:\Windows\SYSTEM32\dbgcore.DLL
0x00007fff81930000 - 0x00007fff819d8000 	C:\Windows\System32\bcryptPrimitives.dll
0x00007fff69d80000 - 0x00007fff69da5000 	C:\Program Files\Java\jdk-17\bin\java.dll

dbghelp: loaded successfully - version: 4.0.5 - missing functions: none
symbol engine: initialized successfully - sym options: 0x614 - pdb path: .;C:\Program Files\Java\jdk-17\bin;C:\Windows\SYSTEM32;C:\Windows\WinSxS\amd64_microsoft.windows.common-controls_6595b64144ccf1df_6.0.26100.8457_none_3e0b2faee331e92d;C:\Program Files\Java\jdk-17\bin\server

VM Arguments:
jvm_args: -Dfile.encoding=UTF-8 -Dstdout.encoding=UTF-8 -Dstderr.encoding=UTF-8 -XX:+ShowCodeDetailsInExceptionMessages 
java_command: main.Main
java_class_path (initial): D:\java2\Student\bin
Launcher Type: SUN_STANDARD

[Global flags]
     intx CICompilerCount                          = 4                                         {product} {ergonomic}
     uint ConcGCThreads                            = 2                                         {product} {ergonomic}
     uint G1ConcRefinementThreads                  = 8                                         {product} {ergonomic}
   size_t G1HeapRegionSize                         = 4194304                                   {product} {ergonomic}
    uintx GCDrainStackTargetSize                   = 64                                        {product} {ergonomic}
   size_t InitialHeapSize                          = 536870912                                 {product} {ergonomic}
   size_t MarkStackSize                            = 4194304                                   {product} {ergonomic}
   size_t MaxHeapSize                              = 8543797248                                {product} {ergonomic}
   size_t MinHeapDeltaBytes                        = 4194304                                   {product} {ergonomic}
   size_t MinHeapSize                              = 8388608                                   {product} {ergonomic}
    uintx NonNMethodCodeHeapSize                   = 5839372                                {pd product} {ergonomic}
    uintx NonProfiledCodeHeapSize                  = 122909434                              {pd product} {ergonomic}
    uintx ProfiledCodeHeapSize                     = 122909434                              {pd product} {ergonomic}
    uintx ReservedCodeCacheSize                    = 251658240                              {pd product} {ergonomic}
     bool SegmentedCodeCache                       = true                                      {product} {ergonomic}
     bool ShowCodeDetailsInExceptionMessages       = true                                   {manageable} {command line}
   size_t SoftMaxHeapSize                          = 8543797248                             {manageable} {ergonomic}
     bool UseCompressedClassPointers               = true                           {product lp64_product} {ergonomic}
     bool UseCompressedOops                        = true                           {product lp64_product} {ergonomic}
     bool UseG1GC                                  = true                                      {product} {ergonomic}
     bool UseLargePagesIndividualAllocation        = false                                  {pd product} {ergonomic}

Logging:
Log output configuration:
 #0: stdout all=warning uptime,level,tags
 #1: stderr all=off uptime,level,tags

Environment Variables:
JAVA_HOME=C:\Program Files\Java\jdk-17
PATH=C:/eclipse//plugins/org.eclipse.justj.openjdk.hotspot.jre.full.win32.x86_64_21.0.4.v20240802-1551/jre/bin/server;C:/eclipse//plugins/org.eclipse.justj.openjdk.hotspot.jre.full.win32.x86_64_21.0.4.v20240802-1551/jre/bin;C:\Program Files\Common Files\Oracle\Java\javapath;C:\Windows\system32;C:\Windows;C:\Windows\System32\Wbem;C:\Windows\System32\WindowsPowerShell\v1.0\;C:\Windows\System32\OpenSSH\;%JAVA_HOME%\bin;C:\Program Files\Bandizip\;C:\Users\mbc\AppData\Local\Microsoft\WindowsApps;C:\Users\mbc\AppData\Local\GitHubDesktop\bin;C:\ProgramData\mbc\GitHubDesktop\bin;C:\eclipse;
USERNAME=mbc
OS=Windows_NT
PROCESSOR_IDENTIFIER=Intel64 Family 6 Model 166 Stepping 0, GenuineIntel



---------------  S Y S T E M  ---------------

OS:
 Windows 11 , 64 bit Build 26100 (10.0.26100.8328)
OS uptime: 0 days 8:50 hours
Hyper-V role detected

CPU: total 8 (initial active 8) (4 cores per cpu, 2 threads per core) family 6 model 166 stepping 0 microcode 0xe0, cx8, cmov, fxsr, ht, mmx, 3dnowpref, sse, sse2, sse3, ssse3, sse4.1, sse4.2, popcnt, lzcnt, tsc, tscinvbit, avx, avx2, aes, erms, clmul, bmi1, bmi2, adx, fma, vzeroupper, clflush, clflushopt, hv

Memory: 4k page, system-wide physical 32582M (21940M free)
TotalPageFile size 59102M (AvailPageFile size 368M)
current process WorkingSet (physical memory assigned to process): 13M, peak: 13M
current process commit charge ("private bytes"): 60M, peak: 572M

vm_info: Java HotSpot(TM) 64-Bit Server VM (17.0.12+8-LTS-286) for windows-amd64 JRE (17.0.12+8-LTS-286), built on Jun  5 2024 06:46:59 by "mach5one" with MS VC++ 17.6 (VS2022)

END.
